// Jest Snapshot v1, https://goo.gl/fbAQLP

exports[`Renders Correctly 1`] = `
<header
  class="topBar"
>
  <ul
    style="width: 100%;"
  >
    <li
      class="heading"
    >
      Crypto Price
    </li>
  </ul>
</header>
`;
