// Jest Snapshot v1, https://goo.gl/fbAQLP

exports[`Page Not Found 1`] = `
<div>
  <div>
    OOOPS!!! PAGE NOT FOUND
  </div>
</div>
`;
